
[sequential reads, refresh=allbank]
  requests_accepted                20000
  requests_served                  19968
  in_flight_at_end                 32
  controller_ticks                 94259
  sim_time_us                      29.456
  achieved_GBps                    21.693
  pct_of_channel_peak              42.368
  row_hits                         19330
  row_misses                       491
  row_conflicts                    147
  row_hit_rate_pct                 96.805
  avg_read_latency_ticks           196.840
  avg_read_latency_ns              61.512
  ramulator_total_throughput_MBps  21727.369
  wall_seconds                     0.042

[random reads, refresh=allbank]
  requests_accepted                20000
  requests_served                  19957
  in_flight_at_end                 43
  controller_ticks                 136215
  sim_time_us                      42.567
  achieved_GBps                    15.003
  pct_of_channel_peak              29.302
  row_hits                         0
  row_misses                       520
  row_conflicts                    19466
  row_hit_rate_pct                 0.000
  avg_read_latency_ticks           325.987
  avg_read_latency_ns              101.871
  ramulator_total_throughput_MBps  15026.772
  wall_seconds                     0.095

channel peak 51.2 GB/s; wrote results/phase0/smoke_summary_allbank.json
