84 runs, 6 workers
  mapping_refresh  ramulator/none                                 39.5% of peak     323.7 GB/s  hits  96.9%     42s
  mapping_refresh  ramulator/allbank                              42.0% of peak     344.3 GB/s  hits  96.8%     40s
  mapping_refresh  ramulator/perbank                              28.9% of peak     237.1 GB/s  hits  96.5%     44s
  mapping_refresh  bank_low/none                                  94.0% of peak     770.4 GB/s  hits  96.9%     19s
  mapping_refresh  bank_low/allbank                               83.8% of peak     686.2 GB/s  hits  95.7%     21s
  mapping_refresh  bank_low/perbank                               67.7% of peak     554.5 GB/s  hits  95.4%     22s
  mapping_refresh  bank_high/none                                 33.5% of peak     274.3 GB/s  hits  96.9%     50s
  mapping_refresh  bank_high/allbank                              30.1% of peak     246.4 GB/s  hits  96.8%     53s
  mapping_refresh  bank_high/perbank                              31.3% of peak     256.2 GB/s  hits  96.8%     53s
  mapping_refresh  bank_low_xor/none                              94.0% of peak     770.3 GB/s  hits  96.9%     19s
  mapping_refresh  bank_low_xor/allbank                           83.7% of peak     685.9 GB/s  hits  95.7%     22s
  mapping_refresh  bank_low_xor/perbank                           67.8% of peak     555.3 GB/s  hits  95.4%     22s
  batch            ramulator/b1                                   42.0% of peak     688.7 GB/s  hits  96.8%     40s
  batch            bank_low/b1                                    83.8% of peak    1373.1 GB/s  hits  95.7%     22s
  batch            ramulator/b4                                   42.0% of peak     688.0 GB/s  hits  96.8%     45s
  batch            bank_low/b4                                    83.8% of peak    1373.6 GB/s  hits  95.7%     25s
  batch            ramulator/b16                                  41.9% of peak     686.3 GB/s  hits  96.8%     63s
  batch            bank_low/b16                                   83.7% of peak    1371.9 GB/s  hits  95.7%     34s
  batch            ramulator/b32                                  41.9% of peak     687.0 GB/s  hits  96.8%     87s
  batch            bank_low/b32                                   83.7% of peak    1371.6 GB/s  hits  95.7%     48s
  seq              ramulator/s512                                 41.9% of peak    1373.4 GB/s  hits  96.8%     47s
  seq              bank_low/s512                                  83.6% of peak    2740.3 GB/s  hits  95.6%     28s
  seq              ramulator/s1024                                41.9% of peak    1371.5 GB/s  hits  96.8%     53s
  seq              bank_low/s1024                                 83.7% of peak    2742.7 GB/s  hits  95.6%     31s
  seq              ramulator/s2048                                41.9% of peak    1372.4 GB/s  hits  96.8%     65s
  seq              bank_low/s2048                                 83.8% of peak    2744.7 GB/s  hits  95.7%     39s
  seq              ramulator/s4096                                41.9% of peak    1374.0 GB/s  hits  96.8%     91s
  seq              bank_low/s4096                                 83.7% of peak    2743.2 GB/s  hits  95.7%     53s
  seq              ramulator/s8192                                42.0% of peak    1375.5 GB/s  hits  96.8%    139s
  seq              bank_low/s8192                                 83.7% of peak    2741.1 GB/s  hits  95.7%     83s
  kv_layout        ramulator/head_major/head_outer                41.9% of peak     687.0 GB/s  hits  96.8%     87s
  kv_layout        bank_low/head_major/head_outer                 83.7% of peak    1371.6 GB/s  hits  95.7%     47s
  kv_layout        ramulator/head_major/position_outer            21.9% of peak     358.7 GB/s  hits  89.9%    181s
  kv_layout        bank_low/head_major/position_outer             34.2% of peak     560.5 GB/s  hits  70.1%    130s
  kv_layout        ramulator/position_major/head_outer            16.5% of peak     269.7 GB/s  hits  95.0%     97s
  kv_layout        bank_low/position_major/head_outer             17.9% of peak     293.4 GB/s  hits  95.3%     76s
  kv_layout        ramulator/position_major/position_outer        42.0% of peak     688.0 GB/s  hits  96.8%     86s
  kv_layout        bank_low/position_major/position_outer         83.8% of peak    1372.6 GB/s  hits  95.7%     48s
  gqa              ramulator/kv8                                  42.0% of peak     688.7 GB/s  hits  96.8%     41s
  gqa              bank_low/kv8                                   83.8% of peak    1373.1 GB/s  hits  95.7%     22s
  gqa              ramulator/kv32                                 42.0% of peak     687.9 GB/s  hits  96.8%     50s
  gqa              bank_low/kv32                                  83.7% of peak    1372.1 GB/s  hits  95.7%     28s
  70b              ramulator/b1/stacks2                           42.0% of peak     688.8 GB/s  hits  96.8%     19s
  70b              bank_low/b1/stacks2                            83.8% of peak    1372.8 GB/s  hits  95.7%     10s
  70b              ramulator/b1/stacks4                           42.0% of peak    1376.2 GB/s  hits  96.8%     20s
  70b              bank_low/b1/stacks4                            83.8% of peak    2744.6 GB/s  hits  95.7%     12s
  70b              ramulator/b8/stacks2                           42.1% of peak     689.0 GB/s  hits  96.8%     20s
  70b              bank_low/b8/stacks2                            83.7% of peak    1371.4 GB/s  hits  95.7%     11s
  70b              ramulator/b8/stacks4                           42.1% of peak    1378.1 GB/s  hits  96.8%     21s
  70b              bank_low/b8/stacks4                            83.8% of peak    2746.4 GB/s  hits  95.6%     13s
  ablation         ramulator/baseline                             42.0% of peak     344.3 GB/s  hits  96.8%     39s
  ablation         ramulator/nFAW                                 42.0% of peak     344.3 GB/s  hits  96.8%     39s
  ablation         ramulator/nCCDL                                57.0% of peak     467.1 GB/s  hits  96.8%     29s
  ablation         ramulator/nCCDR                                42.0% of peak     344.4 GB/s  hits  96.8%     39s
  ablation         ramulator/nRRDS                                42.0% of peak     344.3 GB/s  hits  96.8%     39s
  ablation         ramulator/nRRDL                                42.0% of peak     344.3 GB/s  hits  96.8%     39s
  ablation         ramulator/nWTR                                 42.0% of peak     344.3 GB/s  hits  96.8%     39s
  ablation         ramulator/nRTW                                 42.0% of peak     344.3 GB/s  hits  96.8%     39s
  ablation         ramulator/nPPD                                 42.0% of peak     344.3 GB/s  hits  96.8%     39s
  ablation         ramulator/bus(ACT)                             42.0% of peak     344.3 GB/s  hits  96.8%     39s
  ablation         ramulator/nRCDRD                               45.8% of peak     375.1 GB/s  hits  96.8%     36s
  ablation         ramulator/nRP                                  44.6% of peak     365.6 GB/s  hits  96.8%     37s
  ablation         ramulator/nRAS                                 42.0% of peak     344.3 GB/s  hits  96.8%     39s
  ablation         bank_low/baseline                              83.8% of peak     686.2 GB/s  hits  95.7%     21s
  ablation         bank_low/nFAW                                  85.1% of peak     697.1 GB/s  hits  95.7%     20s
  ablation         bank_low/nCCDL                                 83.9% of peak     687.4 GB/s  hits  95.8%     21s
  ablation         bank_low/nCCDR                                 86.2% of peak     705.9 GB/s  hits  95.8%     22s
  ablation         bank_low/nRRDS                                 83.8% of peak     686.8 GB/s  hits  95.8%     21s
  ablation         bank_low/nRRDL                                 83.8% of peak     686.2 GB/s  hits  95.7%     22s
  ablation         bank_low/nWTR                                  83.8% of peak     686.2 GB/s  hits  95.7%     22s
  ablation         bank_low/nRTW                                  83.8% of peak     686.2 GB/s  hits  95.7%     22s
  ablation         bank_low/nPPD                                  83.8% of peak     686.2 GB/s  hits  95.7%     22s
  ablation         bank_low/bus(ACT)                              83.8% of peak     686.8 GB/s  hits  95.8%     22s
  ablation         bank_low/nRCDRD                                84.1% of peak     689.1 GB/s  hits  95.7%     22s
  ablation         bank_low/nRP                                   85.3% of peak     698.9 GB/s  hits  95.7%     21s
  ablation         bank_low/nRAS                                  83.8% of peak     686.2 GB/s  hits  95.7%     21s
  controller       ramulator/allbank/blocking                     42.0% of peak     344.3 GB/s  hits  96.8%     39s
  controller       ramulator/allbank/nonblocking                  39.4% of peak     322.5 GB/s  hits  96.9%     42s
  controller       ramulator/perbank/blocking                     28.9% of peak     237.1 GB/s  hits  96.5%     42s
  controller       ramulator/perbank/nonblocking                  43.8% of peak     358.4 GB/s  hits  96.9%     38s
  controller       bank_low/allbank/blocking                      83.8% of peak     686.2 GB/s  hits  95.7%     21s
  controller       bank_low/allbank/nonblocking                   85.7% of peak     701.8 GB/s  hits  96.9%     21s
  controller       bank_low/perbank/blocking                      67.7% of peak     554.5 GB/s  hits  95.4%     18s
  controller       bank_low/perbank/nonblocking                   92.4% of peak     757.3 GB/s  hits  95.6%     17s
done in 578s; wrote /Users/tirthshah/Documents/Tirth_grad/tokenwall/results/phase5/sweeps.csv
EXIT 0
